errors:
- 'Failed to run `VM::deploy for program parent.aleo: ''parent.aleo/foo'' finalize expects 6 arguments, found 5 arguments'
outputs: []
